// Jest Snapshot v1, https://goo.gl/fbAQLP

exports[`Welcome Page renders correctly 1`] = `
<div>
  <div>
    <h1>
      Welcome Back!
    </h1>
  </div>
</div>
`;
