// Jest Snapshot v1, https://goo.gl/fbAQLP

exports[`error page should return the error component 1`] = `
<div>
  <div>
    mock error component
  </div>
</div>
`;
