// Jest Snapshot v1, https://goo.gl/fbAQLP

exports[`loading page should return the loading component 1`] = `
<div>
  <div>
    mock loading component
  </div>
</div>
`;
