// Jest Snapshot v1, https://goo.gl/fbAQLP

exports[`Review component should render expected content when there are words in the set 1`] = `
<div>
  <div
    class="pageContainer"
  >
    <section
      class="review"
    >
      <h1>
        Time to check your spellings!
      </h1>
      <p>
        Click the words you got right ‚úì
      </p>
      <ol>
        <li
          class="word-list"
        >
          <button
            class=""
            type="button"
          >
            accident 
          </button>
        </li>
        <li
          class="word-list"
        >
          <button
            class=""
            type="button"
          >
            accidentally 
          </button>
        </li>
        <li
          class="word-list"
        >
          <button
            class=""
            type="button"
          >
            actual 
          </button>
        </li>
        <li
          class="word-list"
        >
          <button
            class=""
            type="button"
          >
            actually 
          </button>
        </li>
        <li
          class="word-list"
        >
          <button
            class=""
            type="button"
          >
            address 
          </button>
        </li>
        <li
          class="word-list"
        >
          <button
            class=""
            type="button"
          >
            answer 
          </button>
        </li>
        <li
          class="word-list"
        >
          <button
            class=""
            type="button"
          >
            believe 
          </button>
        </li>
        <li
          class="word-list"
        >
          <button
            class=""
            type="button"
          >
            bicycle 
          </button>
        </li>
        <li
          class="word-list"
        >
          <button
            class=""
            type="button"
          >
            breathe 
          </button>
        </li>
        <li
          class="word-list"
        >
          <button
            class=""
            type="button"
          >
            build 
          </button>
        </li>
      </ol>
      <div
        class="button-container"
      >
        <button
          class="finish-button"
          type="button"
        >
          üèÅ Finish
        </button>
      </div>
    </section>
  </div>
</div>
`;
